root@987369993b6d:/qdrant# du -s *
20      config
52328   qdrant
12      snapshots
144664  storage
root@987369993b6d:/qdrant#


Nel mezzo del cammin di nostra vita
mi ritrovai per una selva oscura
ché la diritta via era smarrita.
    Ahi quanto a dir qual era è cosa dura
esta selva selvaggia e aspra e forte
che nel pensier rinova la paura!
    Tant'è amara che poco è più morte;
ma per trattar del ben ch'i' vi trovai,
dirò de l'altre cose ch'i' v'ho scorte.
    Io non so ben ridir com'i' v'intrai,
tant'era pien di sonno a quel punto
che la verace via abbandonai.
    Ma poi ch'i' fui al piè d'un colle giunto,
là dove terminava quella valle
che m'avea di paura il cor compunto,
    guardai in alto, e vidi le sue spalle
vestite già de' raggi del pianeta
che mena dritto altrui per ogne calle.
    Allor fu la paura un poco queta
che nel lago del cor m'era durata
la notte ch'i' passai con tanta pieta.
    E come quei che con lena affannata
uscito fuor del pelago a la riva
si volge a l'acqua perigliosa e guata,
    così l'animo mio, ch'ancor fuggiva,
si volse a retro a rimirar lo passo
che non lasciò già mai persona viva.
    Poi ch'èi posato un poco il corpo lasso,
ripresi via per la piaggia diserta,
sì che 'l piè fermo sempre era 'l più basso.
    Ed ecco, quasi al cominciar de l'erta,
una lonza leggera e presta molto,
che di pel macolato era coverta;
    e non mi si partia dinanzi al volto,
anzi 'mpediva tanto il mio cammino,
ch'i' fui per ritornar più volte vòlto.
    Temp'era dal principio del mattino,
e 'l sol montava 'n sù con quelle stelle
ch'eran con lui quando l'amor divino
    mosse di prima quelle cose belle;
sì ch'a bene sperar m'era cagione
di quella fiera a la gaetta pelle
    l'ora del tempo e la dolce stagione;
ma non sì che paura non mi desse
la vista che m'apparve d'un leone.
    Questi parea che contra me venisse
con la test'alta e con rabbiosa fame,
sì che parea che l'aere ne tremesse.
    Ed una lupa, che di tutte brame
sembiava carca ne la sua magrezza,
e molte genti fé già viver grame,
    questa mi porse tanto di gravezza
con la paura ch'uscia di sua vista,
ch'io perdei la speranza de l'altezza.
    E qual è quei che volontieri acquista,
e giugne 'l tempo che perder lo face,
che 'n tutt'i suoi pensier piange e s'attrista;
    tal mi fece la bestia sanza pace,
che, venendomi 'ncontro, a poco a poco
mi ripigneva là dove 'l sol tace.
    Mentre ch'i' rovinava in basso loco,
dinanzi a li occhi mi si fu offerto
chi per lungo silenzio parea fioco.
    Quando vidi costui nel gran diserto,
«Miserere di me», gridai a lui,
«qual che tu sii, od ombra od omo certo!».
    Rispuosemi: «Non omo, omo già fui,
e li parenti miei furon lombardi,
mantoani per patria ambedui.
    Nacqui sub Iulio, ancor che fosse tardi,
e vissi a Roma sotto 'l buono Augusto
nel tempo de li dèi falsi e bugiardi.
    Poeta fui, e cantai di quel giusto
figliuol d'Anchise che venne di Troia,
poi che 'l superbo Ilión fu combusto.
    Ma tu perché ritorni a tanta noia?
perché non sali il dilettoso monte
ch'è principio e cagion di tutta gioia?».
    «Or se' tu quel Virgilio e quella fonte
che spandi di parlar sì largo fiume?»,
rispuos'io lui con vergognosa fronte.
    «O de li altri poeti onore e lume
vagliami 'l lungo studio e 'l grande amore
che m'ha fatto cercar lo tuo volume.
    Tu se' lo mio maestro e 'l mio autore;
tu se' solo colui da cu' io tolsi
lo bello stilo che m'ha fatto onore.
    Vedi la bestia per cu' io mi volsi:
aiutami da lei, famoso saggio,
ch'ella mi fa tremar le vene e i polsi».
    «A te convien tenere altro viaggio»,
rispuose poi che lagrimar mi vide,
«se vuo' campar d'esto loco selvaggio:
    ché questa bestia, per la qual tu gride,
non lascia altrui passar per la sua via,
ma tanto lo 'mpedisce che l'uccide;
    e ha natura sì malvagia e ria,
che mai non empie la bramosa voglia,
e dopo 'l pasto ha più fame che pria.
    Molti son li animali a cui s'ammoglia,
e più saranno ancora, infin che 'l veltro
verrà, che la farà morir con doglia.
    Questi non ciberà terra né peltro,
ma sapienza, amore e virtute,
e sua nazion sarà tra feltro e feltro.
    Di quella umile Italia fia salute
per cui morì la vergine Cammilla,
Eurialo e Turno e Niso di ferute.
    Questi la caccerà per ogne villa,
fin che l'avrà rimessa ne lo 'nferno,
là onde 'nvidia prima dipartilla.
    Ond'io per lo tuo me' penso e discerno
che tu mi segui, e io sarò tua guida,
e trarrotti di qui per loco etterno,
    ove udirai le disperate strida,
vedrai li antichi spiriti dolenti,
ch'a la seconda morte ciascun grida;
    e vederai color che son contenti
nel foco, perché speran di venire
quando che sia a le beate genti.
    A le quai poi se tu vorrai salire,
anima fia a ciò più di me degna:
con lei ti lascerò nel mio partire;
    ché quello imperador che là sù regna,
perch'i' fu' ribellante a la sua legge,
non vuol che 'n sua città per me si vegna.
    In tutte parti impera e quivi regge;
quivi è la sua città e l'alto seggio:
oh felice colui cu' ivi elegge!».
    E io a lui: «Poeta, io ti richeggio
per quello Dio che tu non conoscesti,
acciò ch'io fugga questo male e peggio,
    che tu mi meni là dov'or dicesti,
sì ch'io veggia la porta di san Pietro
e color cui tu fai cotanto mesti».
    Allor si mosse, e io li tenni dietro.
root@987369993b6d:/qdrant# du -s *
20      config
52328   qdrant
12      snapshots
144692  storage
root@987369993b6d:/qdrant#


Cos’è Lorem Ipsum?
Lorem Ipsum è un testo segnaposto utilizzato nel settore della tipografia e della stampa. Lorem Ipsum è considerato il testo segnaposto standard sin dal sedicesimo secolo, quando un anonimo tipografo prese una cassetta di caratteri e li assemblò per preparare un testo campione. È sopravvissuto non solo a più di cinque secoli, ma anche al passaggio alla videoimpaginazione, pervenendoci sostanzialmente inalterato. Fu reso popolare, negli anni ’60, con la diffusione dei fogli di caratteri trasferibili “Letraset”, che contenevano passaggi del Lorem Ipsum, e più recentemente da software di impaginazione come Aldus PageMaker, che includeva versioni del Lorem Ipsum.
Perchè lo utilizziamo?
È universalmente riconosciuto che un lettore che osserva il layout di una pagina viene distratto dal contenuto testuale se questo è leggibile. Lo scopo dell’utilizzo del Lorem Ipsum è che offre una normale distribuzione delle lettere (al contrario di quanto avviene se si utilizzano brevi frasi ripetute, ad esempio “testo qui”), apparendo come un normale blocco di testo leggibile. Molti software di impaginazione e di web design utilizzano Lorem Ipsum come testo modello. Molte versioni del testo sono state prodotte negli anni, a volte casualmente, a volte di proposito (ad esempio inserendo passaggi ironici).
Da dove viene?
Al contrario di quanto si pensi, Lorem Ipsum non è semplicemente una sequenza casuale di caratteri. Risale ad un classico della letteratura latina del 45 AC, cosa che lo rende vecchio di 2000 anni. Richard McClintock, professore di latino al Hampden-Sydney College in Virginia, ha ricercato una delle più oscure parole latine, consectetur, da un passaggio del Lorem Ipsum e ha scoperto tra i vari testi in cui è citata, la fonte da cui è tratto il testo, le sezioni 1.10.32 and 1.10.33 del "de Finibus Bonorum et Malorum" di Cicerone. Questo testo è un trattato su teorie di etica, molto popolare nel Rinascimento. La prima riga del Lorem Ipsum, "Lorem ipsum dolor sit amet..", è tratta da un passaggio della sezione 1.10.32.
Il brano standard del Lorem Ipsum usato sin dal sedicesimo secolo è riprodotto qui di seguito per coloro che fossero interessati. Anche le sezioni 1.10.32 e 1.10.33 del "de Finibus Bonorum et Malorum" di Cicerone sono riprodotte nella loro forma originale, accompagnate dalla traduzione inglese del 1914 di H. Rackham.
Dove posso trovarlo?
Esistono innumerevoli variazioni dei passaggi del Lorem Ipsum, ma la maggior parte hanno subito delle variazioni del tempo, a causa dell’inserimento di passaggi ironici, o di sequenze casuali di caratteri palesemente poco verosimili. Se si decide di utilizzare un passaggio del Lorem Ipsum, è bene essere certi che non contenga nulla di imbarazzante. In genere, i generatori di testo segnaposto disponibili su internet tendono a ripetere paragrafi predefiniti, rendendo questo il primo vero generatore automatico su intenet. Infatti utilizza un dizionario di oltre 200 vocaboli latini, combinati con un insieme di modelli di strutture di periodi, per generare passaggi di testo verosimili. Il testo così generato è sempre privo di ripetizioni, parole imbarazzanti o fuori luogo ecc.
root@987369993b6d:/qdrant# du -s *
20      config
52328   qdrant
12      snapshots
144712  storage
root@987369993b6d:/qdrant#


# ho cambiato solo l'ordine delle frasi
Il brano standard del Lorem Ipsum usato sin dal sedicesimo secolo è riprodotto qui di seguito per coloro che fossero interessati. Anche le sezioni 1.10.32 e 1.10.33 del "de Finibus Bonorum et Malorum" di Cicerone sono riprodotte nella loro forma originale, accompagnate dalla traduzione inglese del 1914 di H. Rackham.
Dove posso trovarlo?
Perchè lo utilizziamo?
È universalmente riconosciuto che un lettore che osserva il layout di una pagina viene distratto dal contenuto testuale se questo è leggibile. Lo scopo dell’utilizzo del Lorem Ipsum è che offre una normale distribuzione delle lettere (al contrario di quanto avviene se si utilizzano brevi frasi ripetute, ad esempio “testo qui”), apparendo come un normale blocco di testo leggibile. Molti software di impaginazione e di web design utilizzano Lorem Ipsum come testo modello. Molte versioni del testo sono state prodotte negli anni, a volte casualmente, a volte di proposito (ad esempio inserendo passaggi ironici).
Da dove viene?
Al contrario di quanto si pensi, Lorem Ipsum non è semplicemente una sequenza casuale di caratteri. Risale ad un classico della letteratura latina del 45 AC, cosa che lo rende vecchio di 2000 anni. Richard McClintock, professore di latino al Hampden-Sydney College in Virginia, ha ricercato una delle più oscure parole latine, consectetur, da un passaggio del Lorem Ipsum e ha scoperto tra i vari testi in cui è citata, la fonte da cui è tratto il testo, le sezioni 1.10.32 and 1.10.33 del "de Finibus Bonorum et Malorum" di Cicerone. Questo testo è un trattato su teorie di etica, molto popolare nel Rinascimento. La prima riga del Lorem Ipsum, "Lorem ipsum dolor sit amet..", è tratta da un passaggio della sezione 1.10.32.
Esistono innumerevoli variazioni dei passaggi del Lorem Ipsum, ma la maggior parte hanno subito delle variazioni del tempo, a causa dell’inserimento di passaggi ironici, o di sequenze casuali di caratteri palesemente poco verosimili. Se si decide di utilizzare un passaggio del Lorem Ipsum, è bene essere certi che non contenga nulla di imbarazzante. In genere, i generatori di testo segnaposto disponibili su internet tendono a ripetere paragrafi predefiniti, rendendo questo il primo vero generatore automatico su intenet. Infatti utilizza un dizionario di oltre 200 vocaboli latini, combinati con un insieme di modelli di strutture di periodi, per generare passaggi di testo verosimili. Il testo così generato è sempre privo di ripetizioni, parole imbarazzanti o fuori luogo ecc.
Cos’è Lorem Ipsum?
Lorem Ipsum è un testo segnaposto utilizzato nel settore della tipografia e della stampa. Lorem Ipsum è considerato il testo segnaposto standard sin dal sedicesimo secolo, quando un anonimo tipografo prese una cassetta di caratteri e li assemblò per preparare un testo campione. È sopravvissuto non solo a più di cinque secoli, ma anche al passaggio alla videoimpaginazione, pervenendoci sostanzialmente inalterato. Fu reso popolare, negli anni ’60, con la diffusione dei fogli di caratteri trasferibili “Letraset”, che contenevano passaggi del Lorem Ipsum, e più recentemente da software di impaginazione come Aldus PageMaker, che includeva versioni del Lorem Ipsum.
root@987369993b6d:/qdrant# du -s *
20      config
52328   qdrant
12      snapshots
144752  storage
root@987369993b6d:/qdrant# 


Hello there! I am doing well, thank you for asking. How can I assist you today?
Sure, I'd love to tell you a joke! Why did the tomato turn red? Because it saw the salad dressing!
The joke I told was a play on words. The tomato turned red as a physical reaction, but in the context of the joke, it turned red as a sign of embarrassment after seeing the salad dressing. It's a silly and lighthearted joke. I hope you found it amusing!
Well, you see, the tomato didn't actually turn red upon seeing the salad. That was just part of the joke! It's a play on words, where "seeing the salad dressing" means understanding or realizing something. So, the joke is saying that the tomato turned red because it understood the salad dressing was there. I hope that clears things up!
How about this one: Why did the scarecrow win an award? Because he was outstanding in his field!
I have another joke for you! Why did the bicycle fall over? Because it was two tired!
I'm sorry, I don't understand what you just said. It seems like a phrase in Italian, but unfortunately I am not capable of understanding human languages other than English. Can I assist you with something else?
root@987369993b6d:/qdrant# du -s *
20      config
52328   qdrant
12      snapshots
144772  storage



Cos’è Lorem Ipsum?
Lorem Ipsum è un testo segnaposto utilizzato nel settore della tipografia e della stampa. Lorem Ipsum è considerato il testo segnaposto standard sin dal sedicesimo secolo, quando un anonimo tipografo prese una cassetta di caratteri e li assemblò per preparare un testo campione. È sopravvissuto non solo a più di cinque secoli, ma anche al passaggio alla videoimpaginazione, pervenendoci sostanzialmente inalterato. Fu reso popolare, negli anni ’60, con la diffusione dei fogli di caratteri trasferibili “Letraset”, che contenevano passaggi del Lorem Ipsum, e più recentemente da software di impaginazione come Aldus PageMaker, che includeva versioni del Lorem Ipsum.
Perchè lo utilizziamo?
È universalmente riconosciuto che un lettore che osserva il layout di una pagina viene distratto dal contenuto testuale se questo è leggibile. Lo scopo dell’utilizzo del Lorem Ipsum è che offre una normale distribuzione delle lettere (al contrario di quanto avviene se si utilizzano brevi frasi ripetute, ad esempio “testo qui”), apparendo come un normale blocco di testo leggibile. Molti software di impaginazione e di web design utilizzano Lorem Ipsum come testo modello. Molte versioni del testo sono state prodotte negli anni, a volte casualmente, a volte di proposito (ad esempio inserendo passaggi ironici).
Da dove viene?
Al contrario di quanto si pensi, Lorem Ipsum non è semplicemente una sequenza casuale di caratteri. Risale ad un classico della letteratura latina del 45 AC, cosa che lo rende vecchio di 2000 anni. Richard McClintock, professore di latino al Hampden-Sydney College in Virginia, ha ricercato una delle più oscure parole latine, consectetur, da un passaggio del Lorem Ipsum e ha scoperto tra i vari testi in cui è citata, la fonte da cui è tratto il testo, le sezioni 1.10.32 and 1.10.33 del "de Finibus Bonorum et Malorum" di Cicerone. Questo testo è un trattato su teorie di etica, molto popolare nel Rinascimento. La prima riga del Lorem Ipsum, "Lorem ipsum dolor sit amet..", è tratta da un passaggio della sezione 1.10.32.
Il brano standard del Lorem Ipsum usato sin dal sedicesimo secolo è riprodotto qui di seguito per coloro che fossero interessati. Anche le sezioni 1.10.32 e 1.10.33 del "de Finibus Bonorum et Malorum" di Cicerone sono riprodotte nella loro forma originale, accompagnate dalla traduzione inglese del 1914 di H. Rackham.
Dove posso trovarlo?
Esistono innumerevoli variazioni dei passaggi del Lorem Ipsum, ma la maggior parte hanno subito delle variazioni del tempo, a causa dell’inserimento di passaggi ironici, o di sequenze casuali di caratteri palesemente poco verosimili. Se si decide di utilizzare un passaggio del Lorem Ipsum, è bene essere certi che non contenga nulla di imbarazzante. In genere, i generatori di testo segnaposto disponibili su internet tendono a ripetere paragrafi predefiniti, rendendo questo il primo vero generatore automatico su intenet. Infatti utilizza un dizionario di oltre 200 vocaboli latini, combinati con un insieme di modelli di strutture di periodi, per generare passaggi di testo verosimili. Il testo così generato è sempre privo di ripetizioni, parole imbarazzanti o fuori luogo ecc.
Il brano standard del Lorem Ipsum usato sin dal sedicesimo secolo è riprodotto qui di seguito per coloro che fossero interessati. Anche le sezioni 1.10.32 e 1.10.33 del "de Finibus Bonorum et Malorum" di Cicerone sono riprodotte nella loro forma originale, accompagnate dalla traduzione inglese del 1914 di H. Rackham.
Dove posso trovarlo?
Perchè lo utilizziamo?
È universalmente riconosciuto che un lettore che osserva il layout di una pagina viene distratto dal contenuto testuale se questo è leggibile. Lo scopo dell’utilizzo del Lorem Ipsum è che offre una normale distribuzione delle lettere (al contrario di quanto avviene se si utilizzano brevi frasi ripetute, ad esempio “testo qui”), apparendo come un normale blocco di testo leggibile. Molti software di impaginazione e di web design utilizzano Lorem Ipsum come testo modello. Molte versioni del testo sono state prodotte negli anni, a volte casualmente, a volte di proposito (ad esempio inserendo passaggi ironici).
Da dove viene?
Al contrario di quanto si pensi, Lorem Ipsum non è semplicemente una sequenza casuale di caratteri. Risale ad un classico della letteratura latina del 45 AC, cosa che lo rende vecchio di 2000 anni. Richard McClintock, professore di latino al Hampden-Sydney College in Virginia, ha ricercato una delle più oscure parole latine, consectetur, da un passaggio del Lorem Ipsum e ha scoperto tra i vari testi in cui è citata, la fonte da cui è tratto il testo, le sezioni 1.10.32 and 1.10.33 del "de Finibus Bonorum et Malorum" di Cicerone. Questo testo è un trattato su teorie di etica, molto popolare nel Rinascimento. La prima riga del Lorem Ipsum, "Lorem ipsum dolor sit amet..", è tratta da un passaggio della sezione 1.10.32.
Esistono innumerevoli variazioni dei passaggi del Lorem Ipsum, ma la maggior parte hanno subito delle variazioni del tempo, a causa dell’inserimento di passaggi ironici, o di sequenze casuali di caratteri palesemente poco verosimili. Se si decide di utilizzare un passaggio del Lorem Ipsum, è bene essere certi che non contenga nulla di imbarazzante. In genere, i generatori di testo segnaposto disponibili su internet tendono a ripetere paragrafi predefiniti, rendendo questo il primo vero generatore automatico su intenet. Infatti utilizza un dizionario di oltre 200 vocaboli latini, combinati con un insieme di modelli di strutture di periodi, per generare passaggi di testo verosimili. Il testo così generato è sempre privo di ripetizioni, parole imbarazzanti o fuori luogo ecc.
Cos’è Lorem Ipsum?
Lorem Ipsum è un testo segnaposto utilizzato nel settore della tipografia e della stampa. Lorem Ipsum è considerato il testo segnaposto standard sin dal sedicesimo secolo, quando un anonimo tipografo prese una cassetta di caratteri e li assemblò per preparare un testo campione. È sopravvissuto non solo a più di cinque secoli, ma anche al passaggio alla videoimpaginazione, pervenendoci sostanzialmente inalterato. Fu reso popolare, negli anni ’60, con la diffusione dei fogli di caratteri trasferibili “Letraset”, che contenevano passaggi del Lorem Ipsum, e più recentemente da software di impaginazione come Aldus PageMaker, che includeva versioni del Lorem Ipsum.
root@987369993b6d:/qdrant# du -s *
20      config
52328   qdrant
12      snapshots
144792  storage
root@987369993b6d:/qdrant# 


ciao amico mio
root@987369993b6d:/qdrant# du -s *
20      config
52328   qdrant
12      snapshots
144832  storage
root@987369993b6d:/qdrant# 


ciao
amico
mio
root@987369993b6d:/qdrant# du -s *
20      config
52328   qdrant
12      snapshots
144852  storage
root@987369993b6d:/qdrant# 

ciao
amico
mio
root@987369993b6d:/qdrant# du -s *
20      config
52328   qdrant
12      snapshots
144856  storage
root@987369993b6d:/qdrant# 


144664  storage
144856  storage














Nel mezzo del cammin di nostra vita
mi ritrovai per una selva oscura
ché la diritta via era smarrita.
    Ahi quanto a dir qual era è cosa dura
esta selva selvaggia e aspra e forte
che nel pensier rinova la paura!
    Tant'è amara che poco è più morte;
ma per trattar del ben ch'i' vi trovai,
dirò de l'altre cose ch'i' v'ho scorte.
    Io non so ben ridir com'i' v'intrai,
tant'era pien di sonno a quel punto
che la verace via abbandonai.
    Ma poi ch'i' fui al piè d'un colle giunto,
là dove terminava quella valle
che m'avea di paura il cor compunto,
    guardai in alto, e vidi le sue spalle
vestite già de' raggi del pianeta
che mena dritto altrui per ogne calle.
    Allor fu la paura un poco queta
che nel lago del cor m'era durata
la notte ch'i' passai con tanta pieta.
    E come quei che con lena affannata
uscito fuor del pelago a la riva
si volge a l'acqua perigliosa e guata,
    così l'animo mio, ch'ancor fuggiva,
si volse a retro a rimirar lo passo
che non lasciò già mai persona viva.
    Poi ch'èi posato un poco il corpo lasso,
ripresi via per la piaggia diserta,
sì che 'l piè fermo sempre era 'l più basso.
    Ed ecco, quasi al cominciar de l'erta,
una lonza leggera e presta molto,
che di pel macolato era coverta;
    e non mi si partia dinanzi al volto,
anzi 'mpediva tanto il mio cammino,
ch'i' fui per ritornar più volte vòlto.
    Temp'era dal principio del mattino,
e 'l sol montava 'n sù con quelle stelle
ch'eran con lui quando l'amor divino
    mosse di prima quelle cose belle;
sì ch'a bene sperar m'era cagione
di quella fiera a la gaetta pelle
    l'ora del tempo e la dolce stagione;
ma non sì che paura non mi desse
la vista che m'apparve d'un leone.
    Questi parea che contra me venisse
con la test'alta e con rabbiosa fame,
sì che parea che l'aere ne tremesse.
    Ed una lupa, che di tutte brame
sembiava carca ne la sua magrezza,
e molte genti fé già viver grame,
    questa mi porse tanto di gravezza
con la paura ch'uscia di sua vista,
ch'io perdei la speranza de l'altezza.
    E qual è quei che volontieri acquista,
e giugne 'l tempo che perder lo face,
che 'n tutt'i suoi pensier piange e s'attrista;
    tal mi fece la bestia sanza pace,
che, venendomi 'ncontro, a poco a poco
mi ripigneva là dove 'l sol tace.
    Mentre ch'i' rovinava in basso loco,
dinanzi a li occhi mi si fu offerto
chi per lungo silenzio parea fioco.
    Quando vidi costui nel gran diserto,
«Miserere di me», gridai a lui,
«qual che tu sii, od ombra od omo certo!».
    Rispuosemi: «Non omo, omo già fui,
e li parenti miei furon lombardi,
mantoani per patria ambedui.
    Nacqui sub Iulio, ancor che fosse tardi,
e vissi a Roma sotto 'l buono Augusto
nel tempo de li dèi falsi e bugiardi.
    Poeta fui, e cantai di quel giusto
figliuol d'Anchise che venne di Troia,
poi che 'l superbo Ilión fu combusto.
    Ma tu perché ritorni a tanta noia?
perché non sali il dilettoso monte
ch'è principio e cagion di tutta gioia?».
    «Or se' tu quel Virgilio e quella fonte
che spandi di parlar sì largo fiume?»,
rispuos'io lui con vergognosa fronte.
    «O de li altri poeti onore e lume
vagliami 'l lungo studio e 'l grande amore
che m'ha fatto cercar lo tuo volume.
    Tu se' lo mio maestro e 'l mio autore;
tu se' solo colui da cu' io tolsi
lo bello stilo che m'ha fatto onore.
    Vedi la bestia per cu' io mi volsi:
aiutami da lei, famoso saggio,
ch'ella mi fa tremar le vene e i polsi».
    «A te convien tenere altro viaggio»,
rispuose poi che lagrimar mi vide,
«se vuo' campar d'esto loco selvaggio:
    ché questa bestia, per la qual tu gride,
non lascia altrui passar per la sua via,
ma tanto lo 'mpedisce che l'uccide;
    e ha natura sì malvagia e ria,
che mai non empie la bramosa voglia,
e dopo 'l pasto ha più fame che pria.
    Molti son li animali a cui s'ammoglia,
e più saranno ancora, infin che 'l veltro
verrà, che la farà morir con doglia.
    Questi non ciberà terra né peltro,
ma sapienza, amore e virtute,
e sua nazion sarà tra feltro e feltro.
    Di quella umile Italia fia salute
per cui morì la vergine Cammilla,
Eurialo e Turno e Niso di ferute.
    Questi la caccerà per ogne villa,
fin che l'avrà rimessa ne lo 'nferno,
là onde 'nvidia prima dipartilla.
    Ond'io per lo tuo me' penso e discerno
che tu mi segui, e io sarò tua guida,
e trarrotti di qui per loco etterno,
    ove udirai le disperate strida,
vedrai li antichi spiriti dolenti,
ch'a la seconda morte ciascun grida;
    e vederai color che son contenti
nel foco, perché speran di venire
quando che sia a le beate genti.
    A le quai poi se tu vorrai salire,
anima fia a ciò più di me degna:
con lei ti lascerò nel mio partire;
    ché quello imperador che là sù regna,
perch'i' fu' ribellante a la sua legge,
non vuol che 'n sua città per me si vegna.
    In tutte parti impera e quivi regge;
quivi è la sua città e l'alto seggio:
oh felice colui cu' ivi elegge!».
    E io a lui: «Poeta, io ti richeggio
per quello Dio che tu non conoscesti,
acciò ch'io fugga questo male e peggio,
    che tu mi meni là dov'or dicesti,
sì ch'io veggia la porta di san Pietro
e color cui tu fai cotanto mesti».
    Allor si mosse, e io li tenni dietro.
# ogni riga fa la episodic_memory.add_texts
root@987369993b6d:/qdrant# du -s *
20      config
52328   qdrant
12      snapshots
144856  storage
root@987369993b6d:/qdrant# du -s *
20      config
52328   qdrant
12      snapshots
146204  storage (+1276)
root@987369993b6d:/qdrant# du -s *
20      config
52328   qdrant
12      snapshots
147480  storage (+1276)


stesso testo ho tolto la when dovrebbe fare sempre 1MB
root@987369993b6d:/qdrant# du -s *
20      config
52328   qdrant
12      snapshots
148832  storage (+1352)

ora mando la stessa sequenza quindi dovrebbe già avere i punti
stava inserendo e ha dato errore openAI

  File "/usr/local/lib/python3.9/site-packages/openai/api_requestor.py", line 679, in _interpret_response_line
    raise self.handle_error_response(
openai.error.RateLimitError: The server is currently overloaded with other requests. Sorry about that! You can retry your request, or contact us through our help center at help.openai.com if the error persists.

root@987369993b6d:/qdrant# du -s *
20      config
52328   qdrant
12      snapshots
148872  storage


ora mando la stessa sequenza quindi dovrebbe già avere i punti
ha fatto molto più input ma ha dato 
  File "/usr/local/lib/python3.9/site-packages/openai/api_requestor.py", line 679, in _interpret_response_line
    raise self.handle_error_response(
openai.error.RateLimitError: The server is currently overloaded with other requests. Sorry about that! You can retry your request, or contact us through our help center at help.openai.com if the error persists.

root@987369993b6d:/qdrant# du -s *
20      config
52328   qdrant
12      snapshots
150048  storage (+1176)

